Archive member included to satisfy reference by file (symbol)

C:\Users\Juan\Documents\MCUXpressoIDE_10.2.0_759\workspace\lpc_chip_175x_6x\Debug\liblpc_chip_175x_6x.a(chip_17xx_40xx.o)
                              ./freeRTOS/src/port.o (SystemCoreClock)
C:\Users\Juan\Documents\MCUXpressoIDE_10.2.0_759\workspace\lpc_chip_175x_6x\Debug\liblpc_chip_175x_6x.a(clock_17xx_40xx.o)
                              C:\Users\Juan\Documents\MCUXpressoIDE_10.2.0_759\workspace\lpc_chip_175x_6x\Debug\liblpc_chip_175x_6x.a(chip_17xx_40xx.o) (Chip_Clock_EnablePLL)
C:\Users\Juan\Documents\MCUXpressoIDE_10.2.0_759\workspace\lpc_chip_175x_6x\Debug\liblpc_chip_175x_6x.a(iocon_17xx_40xx.o)
                              ./Example/src/FRTOS.o (Chip_IOCON_PinMux)
C:\Users\Juan\Documents\MCUXpressoIDE_10.2.0_759\workspace\lpc_chip_175x_6x\Debug\liblpc_chip_175x_6x.a(sysinit_17xx_40xx.o)
                              ./Example/src/sysinit.o (Chip_SystemInit)
C:\Users\Juan\Documents\MCUXpressoIDE_10.2.0_759\workspace\lpc_chip_175x_6x\Debug\liblpc_chip_175x_6x.a(timer_17xx_40xx.o)
                              ./Example/src/FRTOS.o (Chip_TIMER_Init)
c:/nxp/mcuxpressoide_10.2.0_759/ide/tools/bin/../lib/gcc/arm-none-eabi/7.2.1/../../../../arm-none-eabi/lib/thumb/v7-m\libcr_semihost.a(_cr__main.o)
                              ./Example/src/cr_startup_lpc175x_6x.o (__main)
c:/nxp/mcuxpressoide_10.2.0_759/ide/tools/bin/../lib/gcc/arm-none-eabi/7.2.1/../../../../arm-none-eabi/lib/thumb/v7-m\libcr_c.a(memcpy.o)
                              ./freeRTOS/src/queue.o (memcpy)
c:/nxp/mcuxpressoide_10.2.0_759/ide/tools/bin/../lib/gcc/arm-none-eabi/7.2.1/../../../../arm-none-eabi/lib/thumb/v7-m\libcr_c.a(memset.o)
                              ./freeRTOS/src/tasks.o (memset)
c:/nxp/mcuxpressoide_10.2.0_759/ide/tools/bin/../lib/gcc/arm-none-eabi/7.2.1/../../../../arm-none-eabi/lib/thumb/v7-m\libcr_c.a(alloc.o)
                              ./freeRTOS/src/heap_3.o (malloc)
c:/nxp/mcuxpressoide_10.2.0_759/ide/tools/bin/../lib/gcc/arm-none-eabi/7.2.1/../../../../arm-none-eabi/lib/thumb/v7-m\libcr_c.a(initio.o)
                              c:/nxp/mcuxpressoide_10.2.0_759/ide/tools/bin/../lib/gcc/arm-none-eabi/7.2.1/../../../../arm-none-eabi/lib/thumb/v7-m\libcr_semihost.a(_cr__main.o) (_initio)
c:/nxp/mcuxpressoide_10.2.0_759/ide/tools/bin/../lib/gcc/arm-none-eabi/7.2.1/../../../../arm-none-eabi/lib/thumb/v7-m\libcr_c.a(setvbuf.o)
                              c:/nxp/mcuxpressoide_10.2.0_759/ide/tools/bin/../lib/gcc/arm-none-eabi/7.2.1/../../../../arm-none-eabi/lib/thumb/v7-m\libcr_c.a(initio.o) (setvbuf)
c:/nxp/mcuxpressoide_10.2.0_759/ide/tools/bin/../lib/gcc/arm-none-eabi/7.2.1/../../../../arm-none-eabi/lib/thumb/v7-m\libcr_c.a(__init_alloc.o)
                              c:/nxp/mcuxpressoide_10.2.0_759/ide/tools/bin/../lib/gcc/arm-none-eabi/7.2.1/../../../../arm-none-eabi/lib/thumb/v7-m\libcr_c.a(alloc.o) (__heaps)
c:/nxp/mcuxpressoide_10.2.0_759/ide/tools/bin/../lib/gcc/arm-none-eabi/7.2.1/../../../../arm-none-eabi/lib/thumb/v7-m\libcr_c.a(_cr_sbrk.o)
                              c:/nxp/mcuxpressoide_10.2.0_759/ide/tools/bin/../lib/gcc/arm-none-eabi/7.2.1/../../../../arm-none-eabi/lib/thumb/v7-m\libcr_c.a(alloc.o) (_sbrk)
c:/nxp/mcuxpressoide_10.2.0_759/ide/tools/bin/../lib/gcc/arm-none-eabi/7.2.1/../../../../arm-none-eabi/lib/thumb/v7-m\libcr_c.a(_fdopen.o)
                              c:/nxp/mcuxpressoide_10.2.0_759/ide/tools/bin/../lib/gcc/arm-none-eabi/7.2.1/../../../../arm-none-eabi/lib/thumb/v7-m\libcr_c.a(initio.o) (_fdopen)
c:/nxp/mcuxpressoide_10.2.0_759/ide/tools/bin/../lib/gcc/arm-none-eabi/7.2.1/../../../../arm-none-eabi/lib/thumb/v7-m\libcr_c.a(errno.o)
                              c:/nxp/mcuxpressoide_10.2.0_759/ide/tools/bin/../lib/gcc/arm-none-eabi/7.2.1/../../../../arm-none-eabi/lib/thumb/v7-m\libcr_c.a(_cr_sbrk.o) (errno)
c:/nxp/mcuxpressoide_10.2.0_759/ide/tools/bin/../lib/gcc/arm-none-eabi/7.2.1/../../../../arm-none-eabi/lib/thumb/v7-m\libcr_c.a(fclose.o)
                              c:/nxp/mcuxpressoide_10.2.0_759/ide/tools/bin/../lib/gcc/arm-none-eabi/7.2.1/../../../../arm-none-eabi/lib/thumb/v7-m\libcr_c.a(initio.o) (fclose)
c:/nxp/mcuxpressoide_10.2.0_759/ide/tools/bin/../lib/gcc/arm-none-eabi/7.2.1/../../../../arm-none-eabi/lib/thumb/v7-m\libcr_c.a(fflush.o)
                              c:/nxp/mcuxpressoide_10.2.0_759/ide/tools/bin/../lib/gcc/arm-none-eabi/7.2.1/../../../../arm-none-eabi/lib/thumb/v7-m\libcr_c.a(fclose.o) (fflush)
c:/nxp/mcuxpressoide_10.2.0_759/ide/tools/bin/../lib/gcc/arm-none-eabi/7.2.1/../../../../arm-none-eabi/lib/thumb/v7-m\libcr_c.a(fseek.o)
                              c:/nxp/mcuxpressoide_10.2.0_759/ide/tools/bin/../lib/gcc/arm-none-eabi/7.2.1/../../../../arm-none-eabi/lib/thumb/v7-m\libcr_c.a(_fdopen.o) (fseek)
c:/nxp/mcuxpressoide_10.2.0_759/ide/tools/bin/../lib/gcc/arm-none-eabi/7.2.1/../../../../arm-none-eabi/lib/thumb/v7-m\libcr_c.a(ftell.o)
[...]
Memory Configuration

Name             Origin             Length             Attributes
MFlash512        0x00000000         0x00080000         xr
RamLoc32         0x10000000         0x00008000         xrw
RamAHB32         0x2007c000         0x00008000         xrw
*default*        0x00000000         0xffffffff

Linker script and memory map

LOAD ./freeRTOS/src/FreeRTOSCommonHooks.o
LOAD ./freeRTOS/src/croutine.o
LOAD ./freeRTOS/src/event_groups.o
LOAD ./freeRTOS/src/heap_3.o
LOAD ./freeRTOS/src/list.o
LOAD ./freeRTOS/src/port.o
LOAD ./freeRTOS/src/queue.o
LOAD ./freeRTOS/src/tasks.o
LOAD ./freeRTOS/src/timers.o
LOAD ./Example/src/FRTOS.o
LOAD ./Example/src/cr_startup_lpc175x_6x.o
LOAD ./Example/src/crp.o
LOAD ./Example/src/sysinit.o
LOAD C:\Users\Juan\Documents\MCUXpressoIDE_10.2.0_759\workspace\lpc_chip_175x_6x\Debug\liblpc_chip_175x_6x.a
START GROUP
LOAD c:/nxp/mcuxpressoide_10.2.0_759/ide/tools/bin/../lib/gcc/arm-none-eabi/7.2.1/../../../../arm-none-eabi/lib/thumb/v7-m\libcr_semihost.a
LOAD c:/nxp/mcuxpressoide_10.2.0_759/ide/tools/bin/../lib/gcc/arm-none-eabi/7.2.1/../../../../arm-none-eabi/lib/thumb/v7-m\libcr_c.a
LOAD c:/nxp/mcuxpressoide_10.2.0_759/ide/tools/bin/../lib/gcc/arm-none-eabi/7.2.1/thumb/v7-m\libcr_eabihelpers.a
END GROUP
                0x00000000                __base_MFlash512 = 0x0
                0x00000000                __base_Flash = 0x0
                0x00080000                __top_MFlash512 = 0x80000
                0x00080000                __top_Flash = 0x80000
                0x10000000                __base_RamLoc32 = 0x10000000
                0x10000000                __base_RAM = 0x10000000
                0x10008000                __top_RamLoc32 = 0x10008000
                0x10008000                __top_RAM = 0x10008000
                0x2007c000                __base_RamAHB32 = 0x2007c000
                0x2007c000                __base_RAM2 = 0x2007c000
                0x20084000                __top_RamAHB32 = 0x20084000
                0x20084000                __top_RAM2 = 0x20084000

.text           0x00000000     0x3064
 FILL mask 0xff
                0x00000000                __vectors_start__ = ABSOLUTE (.)
 *(.isr_vector)
 .isr_vector    0x00000000       0xcc ./Example/src/cr_startup_lpc175x_6x.o
                0x00000000                g_pfnVectors
                0x000000cc                . = ALIGN (0x4)
                0x000000cc                __section_table_start = .
                0x000000cc                __data_section_table = .
                0x000000cc        0x4 LONG 0x3064 LOADADDR (.data)
                0x000000d0        0x4 LONG 0x10000000 ADDR (.data)
                0x000000d4        0x4 LONG 0x4 SIZEOF (.data)
                0x000000d8        0x4 LONG 0x3064 LOADADDR (.data_RAM2)
                0x000000dc        0x4 LONG 0x2007c000 ADDR (.data_RAM2)
                0x000000e0        0x4 LONG 0x0 SIZEOF (.data_RAM2)
                0x000000e4                __data_section_table_end = .
                0x000000e4                __bss_section_table = .
                0x000000e4        0x4 LONG 0x10000004 ADDR (.bss)
                0x000000e8        0x4 LONG 0x30c SIZEOF (.bss)
                0x000000ec        0x4 LONG 0x2007c000 ADDR (.bss_RAM2)
                0x000000f0        0x4 LONG 0x0 SIZEOF (.bss_RAM2)
                0x000000f4                __bss_section_table_end = .
                0x000000f4                __section_table_end = .
 *(.after_vectors*)
 .after_vectors
                0x000000f4      0x144 ./Example/src/cr_startup_lpc175x_6x.o
                0x000000f4                data_init
                0x00000138                bss_init
                0x00000170                ResetISR
                0x000001e8                NMI_Handler
                0x000001f0                HardFault_Handler
                0x000001f8                MemManage_Handler
                0x00000200                BusFault_Handler
                0x00000208                UsageFault_Handler
                0x00000218                DebugMon_Handler
                0x00000230                UART1_IRQHandler
                0x00000230                EINT3_IRQHandler
                0x00000230                I2C1_IRQHandler
                0x00000230                TIMER3_IRQHandler
                0x00000230                UART0_IRQHandler
                0x00000230                USBActivity_IRQHandler
                0x00000230                CANActivity_IRQHandler
                0x00000230                EINT2_IRQHandler
                0x00000230                IntDefaultHandler
                0x00000230                PLL0_IRQHandler
                0x00000230                CAN_IRQHandler
                0x00000230                I2C0_IRQHandler
                0x00000230                SSP0_IRQHandler
                0x00000230                I2S_IRQHandler
                0x00000230                I2C2_IRQHandler
                0x00000230                RTC_IRQHandler
                0x00000230                SPI_IRQHandler
                0x00000230                RIT_IRQHandler
                0x00000230                EINT1_IRQHandler
                0x00000230                TIMER1_IRQHandler
                0x00000230                UART2_IRQHandler
                0x00000230                ADC_IRQHandler
                0x00000230                SSP1_IRQHandler
                0x00000230                USB_IRQHandler
                0x00000230                BOD_IRQHandler
                0x00000230                PWM1_IRQHandler
                0x00000230                WDT_IRQHandler
                0x00000230                QEI_IRQHandler
                0x00000230                EINT0_IRQHandler
                0x00000230                ETH_IRQHandler
                0x00000230                PLL1_IRQHandler
                0x00000230                DMA_IRQHandler
                0x00000230                TIMER2_IRQHandler
                0x00000230                UART3_IRQHandler
                0x00000230                MCPWM_IRQHandler
 *(.text*)
 .text.vApplicationTickHook
                0x00000238        0xc ./freeRTOS/src/FreeRTOSCommonHooks.o
                0x00000238                vApplicationTickHook
 .text.pvPortMalloc
                0x00000244       0x22 ./freeRTOS/src/heap_3.o
                0x00000244                pvPortMalloc
 .text.vPortFree
                0x00000266       0x24 ./freeRTOS/src/heap_3.o
                0x00000266                vPortFree
 .text.vListInitialise
                0x0000028a       0x3e ./freeRTOS/src/list.o
                0x0000028a                vListInitialise
 .text.vListInitialiseItem
                0x000002c8       0x18 ./freeRTOS/src/list.o
                0x000002c8                vListInitialiseItem
 .text.vListInsertEnd
                0x000002e0       0x46 ./freeRTOS/src/list.o
                0x000002e0                vListInsertEnd
 .text.vListInsert
                0x00000326       0x70 ./freeRTOS/src/list.o
                0x00000326                vListInsert
 .text.uxListRemove
                0x00000396       0x52 ./freeRTOS/src/list.o
                0x00000396                uxListRemove
 .text.pxPortInitialiseStack
                0x000003e8       0x58 ./freeRTOS/src/port.o
                0x000003e8                pxPortInitialiseStack
 .text.prvTaskExitError
                0x00000440       0x1a ./freeRTOS/src/port.o
 *fill*         0x0000045a        0x6 ff
 .text.SVC_Handler
                0x00000460       0x28 ./freeRTOS/src/port.o
                0x00000460                SVC_Handler
 .text.prvPortStartFirstTask
                0x00000488       0x20 ./freeRTOS/src/port.o
 .text.xPortStartScheduler
                0x000004a8       0x3c ./freeRTOS/src/port.o
                0x000004a8                xPortStartScheduler
 .text.vPortEnterCritical
                0x000004e4       0x30 ./freeRTOS/src/port.o
                0x000004e4                vPortEnterCritical
 .text.vPortExitCritical
                0x00000514       0x30 ./freeRTOS/src/port.o
                0x00000514                vPortExitCritical
 *fill*         0x00000544        0xc ff
 .text.PendSV_Handler
                0x00000550       0x48 ./freeRTOS/src/port.o
                0x00000550                PendSV_Handler
 .text.SysTick_Handler
                0x00000598       0x40 ./freeRTOS/src/port.o
                0x00000598                SysTick_Handler
 .text.vPortSuppressTicksAndSleep
                0x000005d8      0x184 ./freeRTOS/src/port.o
                0x000005d8                vPortSuppressTicksAndSleep
 .text.vPortSetupTimerInterrupt
                0x0000075c       0x68 ./freeRTOS/src/port.o
                0x0000075c                vPortSetupTimerInterrupt
 .text.xQueueGenericReset
                0x000007c4       0xb4 ./freeRTOS/src/queue.o
                0x000007c4                xQueueGenericReset
 .text.xQueueGenericCreate
                0x00000878       0x58 ./freeRTOS/src/queue.o
                0x00000878                xQueueGenericCreate
 .text.prvInitialiseNewQueue
                0x000008d0       0x46 ./freeRTOS/src/queue.o
 *fill*         0x00000916        0x2 ff
 .text.xQueueGenericSend
                0x00000918      0x154 ./freeRTOS/src/queue.o
                0x00000918                xQueueGenericSend
 .text.xQueueGenericSendFromISR
                0x00000a6c       0xb2 ./freeRTOS/src/queue.o
                0x00000a6c                xQueueGenericSendFromISR
 *fill*         0x00000b1e        0x2 ff
 .text.xQueueGenericReceive
                0x00000b20      0x1b0 ./freeRTOS/src/queue.o
                0x00000b20                xQueueGenericReceive
 .text.prvCopyDataToQueue
                0x00000cd0       0xd4 ./freeRTOS/src/queue.o
 .text.prvCopyDataFromQueue
                0x00000da4       0x4c ./freeRTOS/src/queue.o
 .text.prvUnlockQueue
                0x00000df0       0xa4 ./freeRTOS/src/queue.o
 .text.prvIsQueueEmpty
                0x00000e94       0x2c ./freeRTOS/src/queue.o
 .text.prvIsQueueFull
                0x00000ec0       0x30 ./freeRTOS/src/queue.o
 .text.xTaskCreate
                0x00000ef0       0x82 ./freeRTOS/src/tasks.o
                0x00000ef0                xTaskCreate
 .text.prvInitialiseNewTask
                0x00000f72       0xee ./freeRTOS/src/tasks.o
 .text.prvAddNewTaskToReadyList
                0x00001060       0xdc ./freeRTOS/src/tasks.o
 .text.vTaskDelay
                0x0000113c       0x48 ./freeRTOS/src/tasks.o
                0x0000113c                vTaskDelay
 .text.vTaskStartScheduler
                0x00001184       0x6c ./freeRTOS/src/tasks.o
                0x00001184                vTaskStartScheduler
 .text.vTaskSuspendAll
                0x000011f0       0x1c ./freeRTOS/src/tasks.o
                0x000011f0                vTaskSuspendAll
 .text.prvGetExpectedIdleTime
                0x0000120c       0x74 ./freeRTOS/src/tasks.o
 .text.xTaskResumeAll
                0x00001280      0x11c ./freeRTOS/src/tasks.o
                0x00001280                xTaskResumeAll
 .text.vTaskStepTick
                0x0000139c       0x24 ./freeRTOS/src/tasks.o
                0x0000139c                vTaskStepTick
 .text.xTaskIncrementTick
                0x000013c0      0x16c ./freeRTOS/src/tasks.o
                0x000013c0                xTaskIncrementTick
 .text.vTaskSwitchContext
                0x0000152c       0x8c ./freeRTOS/src/tasks.o
                0x0000152c                vTaskSwitchContext
 .text.vTaskPlaceOnEventList
                0x000015b8       0x2c ./freeRTOS/src/tasks.o
                0x000015b8                vTaskPlaceOnEventList
 .text.xTaskRemoveFromEventList
                0x000015e4       0xac ./freeRTOS/src/tasks.o
                0x000015e4                xTaskRemoveFromEventList
 .text.vTaskSetTimeOutState
                0x00001690       0x2c ./freeRTOS/src/tasks.o
                0x00001690                vTaskSetTimeOutState
 .text.xTaskCheckForTimeOut
                0x000016bc       0x88 ./freeRTOS/src/tasks.o
                0x000016bc                xTaskCheckForTimeOut
 .text.vTaskMissedYield
                0x00001744       0x18 ./freeRTOS/src/tasks.o
                0x00001744                vTaskMissedYield
 .text.prvIdleTask
                0x0000175c       0x54 ./freeRTOS/src/tasks.o
 .text.eTaskConfirmSleepModeStatus
                0x000017b0       0x5c ./freeRTOS/src/tasks.o
                0x000017b0                eTaskConfirmSleepModeStatus
 .text.prvInitialiseTaskLists
                0x0000180c       0x80 ./freeRTOS/src/tasks.o
 .text.prvCheckTasksWaitingTermination
                0x0000188c       0x78 ./freeRTOS/src/tasks.o
 .text.prvDeleteTCB
                0x00001904       0x20 ./freeRTOS/src/tasks.o
 .text.prvResetNextTaskUnblockTime
                0x00001924       0x48 ./freeRTOS/src/tasks.o
 .text.vTaskPriorityInherit
                0x0000196c       0xec ./freeRTOS/src/tasks.o
                0x0000196c                vTaskPriorityInherit
 .text.xTaskPriorityDisinherit
                0x00001a58       0xc8 ./freeRTOS/src/tasks.o
                0x00001a58                xTaskPriorityDisinherit
 .text.pvTaskIncrementMutexHeldCount
                0x00001b20       0x28 ./freeRTOS/src/tasks.o
                0x00001b20                pvTaskIncrementMutexHeldCount
 .text.prvAddCurrentTaskToDelayedList
                0x00001b48       0xcc ./freeRTOS/src/tasks.o
 .text.NVIC_EnableIRQ
                0x00001c14       0x30 ./Example/src/FRTOS.o
 .text.NVIC_ClearPendingIRQ
                0x00001c44       0x34 ./Example/src/FRTOS.o
 .text.Chip_GPIO_Init
                0x00001c78       0x16 ./Example/src/FRTOS.o
 .text.Chip_GPIO_GetPinState
                0x00001c8e       0x38 ./Example/src/FRTOS.o
 .text.Chip_GPIO_SetPinDIROutput
                0x00001cc6       0x36 ./Example/src/FRTOS.o
 .text.Chip_GPIO_SetPinDIRInput
                0x00001cfc       0x3a ./Example/src/FRTOS.o
 .text.Chip_GPIO_SetPinDIR
                0x00001d36       0x42 ./Example/src/FRTOS.o
 .text.Chip_GPIO_SetDir
                0x00001d78       0x34 ./Example/src/FRTOS.o
 .text.Chip_GPIO_SetPinOutHigh
                0x00001dac       0x2e ./Example/src/FRTOS.o
 .text.Chip_GPIO_SetPinOutLow
                0x00001dda       0x2e ./Example/src/FRTOS.o
 .text.Chip_TIMER_MatchPending
                0x00001e08       0x32 ./Example/src/FRTOS.o
 .text.Chip_TIMER_ClearMatch
                0x00001e3a       0x26 ./Example/src/FRTOS.o
 .text.Chip_TIMER_Enable
                0x00001e60       0x1e ./Example/src/FRTOS.o
 .text.Chip_TIMER_Disable
                0x00001e7e       0x1e ./Example/src/FRTOS.o
 .text.Chip_TIMER_SetMatch
                0x00001e9c       0x26 ./Example/src/FRTOS.o
 .text.Chip_TIMER_MatchEnableInt
                0x00001ec2       0x32 ./Example/src/FRTOS.o
 .text.Chip_TIMER_ResetOnMatchEnable
                0x00001ef4       0x34 ./Example/src/FRTOS.o
 .text.Chip_TIMER_ResetOnMatchDisable
                0x00001f28       0x36 ./Example/src/FRTOS.o
 *fill*         0x00001f5e        0x2 ff
 .text.TIMER0_IRQHandler
                0x00001f60       0x7c ./Example/src/FRTOS.o
                0x00001f60                TIMER0_IRQHandler
 .text.uC_StartUp
                0x00001fdc      0x14c ./Example/src/FRTOS.o
                0x00001fdc                uC_StartUp
 .text.vTaskTimer
                0x00002128       0x44 ./Example/src/FRTOS.o
 .text.vTaskDutyCycle
                0x0000216c      0x108 ./Example/src/FRTOS.o
 .text.vTaskShutDown
                0x00002274       0x54 ./Example/src/FRTOS.o
 .text.main     0x000022c8       0xe8 ./Example/src/FRTOS.o
                0x000022c8                main
 .text.SystemInit
                0x000023b0       0x24 ./Example/src/sysinit.o
                0x000023b0                SystemInit
 .text.SystemCoreClockUpdate
                0x000023d4       0x18 C:\Users\Juan\Documents\MCUXpressoIDE_10.2.0_759\workspace\lpc_chip_175x_6x\Debug\liblpc_chip_175x_6x.a(chip_17xx_40xx.o)
                0x000023d4                SystemCoreClockUpdate
 .text.Chip_Clock_IsMainPLLEnabled
                0x000023ec       0x24 C:\Users\Juan\Documents\MCUXpressoIDE_10.2.0_759\workspace\lpc_chip_175x_6x\Debug\liblpc_chip_175x_6x.a(clock_17xx_40xx.o)
 .text.Chip_Clock_IsMainPLLConnected
                0x00002410       0x24 C:\Users\Juan\Documents\MCUXpressoIDE_10.2.0_759\workspace\lpc_chip_175x_6x\Debug\liblpc_chip_175x_6x.a(clock_17xx_40xx.o)
 .text.Chip_Clock_FeedPLL
                0x00002434       0x34 C:\Users\Juan\Documents\MCUXpressoIDE_10.2.0_759\workspace\lpc_chip_175x_6x\Debug\liblpc_chip_175x_6x.a(clock_17xx_40xx.o)
 .text.Chip_Clock_GetMainPLLSource
                0x00002468       0x20 C:\Users\Juan\Documents\MCUXpressoIDE_10.2.0_759\workspace\lpc_chip_175x_6x\Debug\liblpc_chip_175x_6x.a(clock_17xx_40xx.o)
 .text.Chip_Clock_GetMainOscRate
                0x00002488       0x14 C:\Users\Juan\Documents\MCUXpressoIDE_10.2.0_759\workspace\lpc_chip_175x_6x\Debug\liblpc_chip_175x_6x.a(clock_17xx_40xx.o)
 .text.Chip_Clock_GetIntOscRate
                0x0000249c       0x14 C:\Users\Juan\Documents\MCUXpressoIDE_10.2.0_759\workspace\lpc_chip_175x_6x\Debug\liblpc_chip_175x_6x.a(clock_17xx_40xx.o)
 .text.Chip_Clock_GetRTCOscRate
                0x000024b0       0x14 C:\Users\Juan\Documents\MCUXpressoIDE_10.2.0_759\workspace\lpc_chip_175x_6x\Debug\liblpc_chip_175x_6x.a(clock_17xx_40xx.o)
 .text.Chip_Clock_GetMainPLLInClockRate
                0x000024c4       0x10 C:\Users\Juan\Documents\MCUXpressoIDE_10.2.0_759\workspace\lpc_chip_175x_6x\Debug\liblpc_chip_175x_6x.a(clock_17xx_40xx.o)
 .text.Chip_Clock_EnablePLL
                0x000024d4       0x44 C:\Users\Juan\Documents\MCUXpressoIDE_10.2.0_759\workspace\lpc_chip_175x_6x\Debug\liblpc_chip_175x_6x.a(clock_17xx_40xx.o)
                0x000024d4                Chip_Clock_EnablePLL
 .text.Chip_Clock_DisablePLL
                0x00002518       0x48 C:\Users\Juan\Documents\MCUXpressoIDE_10.2.0_759\workspace\lpc_chip_175x_6x\Debug\liblpc_chip_175x_6x.a(clock_17xx_40xx.o)
                0x00002518                Chip_Clock_DisablePLL
 .text.Chip_Clock_SetupPLL
                0x00002560       0x5c C:\Users\Juan\Documents\MCUXpressoIDE_10.2.0_759\workspace\lpc_chip_175x_6x\Debug\liblpc_chip_175x_6x.a(clock_17xx_40xx.o)
                0x00002560                Chip_Clock_SetupPLL
 .text.Chip_Clock_EnablePeriphClock
                0x000025bc       0x34 C:\Users\Juan\Documents\MCUXpressoIDE_10.2.0_759\workspace\lpc_chip_175x_6x\Debug\liblpc_chip_175x_6x.a(clock_17xx_40xx.o)
                0x000025bc                Chip_Clock_EnablePeriphClock
 .text.Chip_Clock_GetCPUClockSource
                0x000025f0       0x24 C:\Users\Juan\Documents\MCUXpressoIDE_10.2.0_759\workspace\lpc_chip_175x_6x\Debug\liblpc_chip_175x_6x.a(clock_17xx_40xx.o)
                0x000025f0                Chip_Clock_GetCPUClockSource
 .text.Chip_Clock_SetCPUClockDiv
                0x00002614       0x20 C:\Users\Juan\Documents\MCUXpressoIDE_10.2.0_759\workspace\lpc_chip_175x_6x\Debug\liblpc_chip_175x_6x.a(clock_17xx_40xx.o)
                0x00002614                Chip_Clock_SetCPUClockDiv
 .text.Chip_Clock_GetCPUClockDiv
                0x00002634       0x1c C:\Users\Juan\Documents\MCUXpressoIDE_10.2.0_759\workspace\lpc_chip_175x_6x\Debug\liblpc_chip_175x_6x.a(clock_17xx_40xx.o)
                0x00002634                Chip_Clock_GetCPUClockDiv
 .text.Chip_Clock_GetSYSCLKRate
                0x00002650       0x34 C:\Users\Juan\Documents\MCUXpressoIDE_10.2.0_759\workspace\lpc_chip_175x_6x\Debug\liblpc_chip_175x_6x.a(clock_17xx_40xx.o)
                0x00002650                Chip_Clock_GetSYSCLKRate
 .text.Chip_Clock_GetMainPLLOutClockRate
                0x00002684       0x54 C:\Users\Juan\Documents\MCUXpressoIDE_10.2.0_759\workspace\lpc_chip_175x_6x\Debug\liblpc_chip_175x_6x.a(clock_17xx_40xx.o)
                0x00002684                Chip_Clock_GetMainPLLOutClockRate
 .text.Chip_Clock_GetMainClockRate
                0x000026d8       0x28 C:\Users\Juan\Documents\MCUXpressoIDE_10.2.0_759\workspace\lpc_chip_175x_6x\Debug\liblpc_chip_175x_6x.a(clock_17xx_40xx.o)
                0x000026d8                Chip_Clock_GetMainClockRate
 .text.Chip_Clock_GetSystemClockRate
                0x00002700       0x18 C:\Users\Juan\Documents\MCUXpressoIDE_10.2.0_759\workspace\lpc_chip_175x_6x\Debug\liblpc_chip_175x_6x.a(clock_17xx_40xx.o)
                0x00002700                Chip_Clock_GetSystemClockRate
 .text.Chip_IOCON_PinMux
                0x00002718       0x94 C:\Users\Juan\Documents\MCUXpressoIDE_10.2.0_759\workspace\lpc_chip_175x_6x\Debug\liblpc_chip_175x_6x.a(iocon_17xx_40xx.o)
                0x00002718                Chip_IOCON_PinMux
 .text.Chip_Clock_IsMainPLLEnabled
                0x000027ac       0x24 C:\Users\Juan\Documents\MCUXpressoIDE_10.2.0_759\workspace\lpc_chip_175x_6x\Debug\liblpc_chip_175x_6x.a(sysinit_17xx_40xx.o)
 .text.Chip_Clock_IsMainPLLLocked
                0x000027d0       0x24 C:\Users\Juan\Documents\MCUXpressoIDE_10.2.0_759\workspace\lpc_chip_175x_6x\Debug\liblpc_chip_175x_6x.a(sysinit_17xx_40xx.o)
 .text.Chip_Clock_IsMainPLLConnected
                0x000027f4       0x24 C:\Users\Juan\Documents\MCUXpressoIDE_10.2.0_759\workspace\lpc_chip_175x_6x\Debug\liblpc_chip_175x_6x.a(sysinit_17xx_40xx.o)
 .text.Chip_Clock_SetMainPLLSource
                0x00002818       0x20 C:\Users\Juan\Documents\MCUXpressoIDE_10.2.0_759\workspace\lpc_chip_175x_6x\Debug\liblpc_chip_175x_6x.a(sysinit_17xx_40xx.o)
 .text.Chip_SetupIrcClocking
                0x00002838       0x6c C:\Users\Juan\Documents\MCUXpressoIDE_10.2.0_759\workspace\lpc_chip_175x_6x\Debug\liblpc_chip_175x_6x.a(sysinit_17xx_40xx.o)
                0x00002838                Chip_SetupIrcClocking
 .text.Chip_SystemInit
                0x000028a4        0xc C:\Users\Juan\Documents\MCUXpressoIDE_10.2.0_759\workspace\lpc_chip_175x_6x\Debug\liblpc_chip_175x_6x.a(sysinit_17xx_40xx.o)
                0x000028a4                Chip_SystemInit
 .text.Chip_Timer_GetClockIndex
                0x000028b0       0x50 C:\Users\Juan\Documents\MCUXpressoIDE_10.2.0_759\workspace\lpc_chip_175x_6x\Debug\liblpc_chip_175x_6x.a(timer_17xx_40xx.o)
 .text.Chip_TIMER_Init
                0x00002900       0x20 C:\Users\Juan\Documents\MCUXpressoIDE_10.2.0_759\workspace\lpc_chip_175x_6x\Debug\liblpc_chip_175x_6x.a(timer_17xx_40xx.o)
                0x00002900                Chip_TIMER_Init
 .text.Chip_TIMER_Reset
                0x00002920       0x3c C:\Users\Juan\Documents\MCUXpressoIDE_10.2.0_759\workspace\lpc_chip_175x_6x\Debug\liblpc_chip_175x_6x.a(timer_17xx_40xx.o)
                0x00002920                Chip_TIMER_Reset
 .text.__main   0x0000295c        0xe c:/nxp/mcuxpressoide_10.2.0_759/ide/tools/bin/../lib/gcc/arm-none-eabi/7.2.1/../../../../arm-none-eabi/lib/thumb/v7-m\libcr_semihost.a(_cr__main.o)
                0x0000295c                __CR_SEMIHOST
                0x0000295c                __main
 .text.memcpy   0x0000296a        0x4 c:/nxp/mcuxpressoide_10.2.0_759/ide/tools/bin/../lib/gcc/arm-none-eabi/7.2.1/../../../../arm-none-eabi/lib/thumb/v7-m\libcr_c.a(memcpy.o)
                0x0000296a                memcpy
 .text.memset   0x0000296e        0x4 c:/nxp/mcuxpressoide_10.2.0_759/ide/tools/bin/../lib/gcc/arm-none-eabi/7.2.1/../../../../arm-none-eabi/lib/thumb/v7-m\libcr_c.a(memset.o)
                0x0000296e                memset
 *fill*         0x00002972        0x2 ff
 .text.malloc   0x00002974       0xc8 c:/nxp/mcuxpressoide_10.2.0_759/ide/tools/bin/../lib/gcc/arm-none-eabi/7.2.1/../../../../arm-none-eabi/lib/thumb/v7-m\libcr_c.a(alloc.o)
                0x00002974                malloc
 .text.free     0x00002a3c       0x30 c:/nxp/mcuxpressoide_10.2.0_759/ide/tools/bin/../lib/gcc/arm-none-eabi/7.2.1/../../../../arm-none-eabi/lib/thumb/v7-m\libcr_c.a(alloc.o)
                0x00002a3c                free
 .text._initio  0x00002a6c       0x78 c:/nxp/mcuxpressoide_10.2.0_759/ide/tools/bin/../lib/gcc/arm-none-eabi/7.2.1/../../../../arm-none-eabi/lib/thumb/v7-m\libcr_c.a(initio.o)
                0x00002a6c                _initio
 .text.setvbuf  0x00002ae4       0x40 c:/nxp/mcuxpressoide_10.2.0_759/ide/tools/bin/../lib/gcc/arm-none-eabi/7.2.1/../../../../arm-none-eabi/lib/thumb/v7-m\libcr_c.a(setvbuf.o)
                0x00002ae4                setvbuf
 .text._sbrk    0x00002b24       0x3c c:/nxp/mcuxpressoide_10.2.0_759/ide/tools/bin/../lib/gcc/arm-none-eabi/7.2.1/../../../../arm-none-eabi/lib/thumb/v7-m\libcr_c.a(_cr_sbrk.o)
                0x00002b24                _sbrk
 .text._fdopen  0x00002b60       0x68 c:/nxp/mcuxpressoide_10.2.0_759/ide/tools/bin/../lib/gcc/arm-none-eabi/7.2.1/../../../../arm-none-eabi/lib/thumb/v7-m\libcr_c.a(_fdopen.o)
                0x00002b60                _fdopen
 .text.fclose   0x00002bc8       0x58 c:/nxp/mcuxpressoide_10.2.0_759/ide/tools/bin/../lib/gcc/arm-none-eabi/7.2.1/../../../../arm-none-eabi/lib/thumb/v7-m\libcr_c.a(fclose.o)
                0x00002bc8                fclose
 .text.fflush   0x00002c20       0x44 c:/nxp/mcuxpressoide_10.2.0_759/ide/tools/bin/../lib/gcc/arm-none-eabi/7.2.1/../../../../arm-none-eabi/lib/thumb/v7-m\libcr_c.a(fflush.o)
                0x00002c20                fflush
 .text.fseek    0x00002c64      0x100 c:/nxp/mcuxpressoide_10.2.0_759/ide/tools/bin/../lib/gcc/arm-none-eabi/7.2.1/../../../../arm-none-eabi/lib/thumb/v7-m\libcr_c.a(fseek.o)
                0x00002c64                fseek
 .text.ftell    0x00002d64       0x44 c:/nxp/mcuxpressoide_10.2.0_759/ide/tools/bin/../lib/gcc/arm-none-eabi/7.2.1/../../../../arm-none-eabi/lib/thumb/v7-m\libcr_c.a(ftell.o)
                0x00002d64                ftell
 .text.remove   0x00002da8       0x14 c:/nxp/mcuxpressoide_10.2.0_759/ide/tools/bin/../lib/gcc/arm-none-eabi/7.2.1/../../../../arm-none-eabi/lib/thumb/v7-m\libcr_c.a(remove.o)
                0x00002da8                remove
 .text.strlen   0x00002dbc       0x4a c:/nxp/mcuxpressoide_10.2.0_759/ide/tools/bin/../lib/gcc/arm-none-eabi/7.2.1/../../../../arm-none-eabi/lib/thumb/v7-m\libcr_c.a(strlen.o)
                0x00002dbc                strlen
 *fill*         0x00002e06        0x2 ff
 .text.__check_heap_overflow
                0x00002e08       0x18 c:/nxp/mcuxpressoide_10.2.0_759/ide/tools/bin/../lib/gcc/arm-none-eabi/7.2.1/../../../../arm-none-eabi/lib/thumb/v7-m\libcr_c.a(_cr_check_heap.o)
                0x00002e08                __check_heap_overflow
 .text._do_fflush
                0x00002e20       0x40 c:/nxp/mcuxpressoide_10.2.0_759/ide/tools/bin/../lib/gcc/arm-none-eabi/7.2.1/../../../../arm-none-eabi/lib/thumb/v7-m\libcr_c.a(_do_fflush.o)
                0x00002e20                _do_fflush
 .text._fflush  0x00002e60       0x52 c:/nxp/mcuxpressoide_10.2.0_759/ide/tools/bin/../lib/gcc/arm-none-eabi/7.2.1/../../../../arm-none-eabi/lib/thumb/v7-m\libcr_c.a(_fflush.o)
                0x00002e60                _fflush
 *fill*         0x00002eb2        0x2 ff
 .text._Cwritebuf
                0x00002eb4       0x6c c:/nxp/mcuxpressoide_10.2.0_759/ide/tools/bin/../lib/gcc/arm-none-eabi/7.2.1/../../../../arm-none-eabi/lib/thumb/v7-m\libcr_c.a(_writebuf.o)
                0x00002eb4                _Cwritebuf
 .text._deferredlazyseek
                0x00002f20       0x40 c:/nxp/mcuxpressoide_10.2.0_759/ide/tools/bin/../lib/gcc/arm-none-eabi/7.2.1/../../../../arm-none-eabi/lib/thumb/v7-m\libcr_c.a(_deferredlazyseek.o)
                0x00002f20                _deferredlazyseek
 .text.__aeabi_memcpy
                0x00002f60       0x34 c:/nxp/mcuxpressoide_10.2.0_759/ide/tools/bin/../lib/gcc/arm-none-eabi/7.2.1/thumb/v7-m\libcr_eabihelpers.a(memcpy.o)
                0x00002f60                __aeabi_memcpy
                0x00002f6a                __aeabi_memcpy8
                0x00002f6a                __aeabi_memcpy4
 .text.__aeabi_memset_lowlevel
                0x00002f94       0x32 c:/nxp/mcuxpressoide_10.2.0_759/ide/tools/bin/../lib/gcc/arm-none-eabi/7.2.1/thumb/v7-m\libcr_eabihelpers.a(memcpy.o)
                0x00002f94                __aeabi_lowlevel_memset
 .text.__sys_close
                0x00002fc6        0xc c:/nxp/mcuxpressoide_10.2.0_759/ide/tools/bin/../lib/gcc/arm-none-eabi/7.2.1/../../../../arm-none-eabi/lib/thumb/v7-m\libcr_semihost.a(__sys_close.o)
                0x00002fc6                __sys_close
 .text.__sys_flen
                0x00002fd2        0xc c:/nxp/mcuxpressoide_10.2.0_759/ide/tools/bin/../lib/gcc/arm-none-eabi/7.2.1/../../../../arm-none-eabi/lib/thumb/v7-m\libcr_semihost.a(__sys_flen.o)
                0x00002fd2                __sys_flen
 .text.__sys_istty
                0x00002fde        0xc c:/nxp/mcuxpressoide_10.2.0_759/ide/tools/bin/../lib/gcc/arm-none-eabi/7.2.1/../../../../arm-none-eabi/lib/thumb/v7-m\libcr_semihost.a(__sys_istty.o)
                0x00002fde                __sys_istty
 .text.__sys_remove
                0x00002fea        0xc c:/nxp/mcuxpressoide_10.2.0_759/ide/tools/bin/../lib/gcc/arm-none-eabi/7.2.1/../../../../arm-none-eabi/lib/thumb/v7-m\libcr_semihost.a(__sys_remove.o)
                0x00002fea                __sys_remove
 .text.__sys_seek
                0x00002ff6        0xc c:/nxp/mcuxpressoide_10.2.0_759/ide/tools/bin/../lib/gcc/arm-none-eabi/7.2.1/../../../../arm-none-eabi/lib/thumb/v7-m\libcr_semihost.a(__sys_seek.o)
                0x00002ff6                __sys_seek
 .text.__sys_tmpnam
                0x00003002        0xc c:/nxp/mcuxpressoide_10.2.0_759/ide/tools/bin/../lib/gcc/arm-none-eabi/7.2.1/../../../../arm-none-eabi/lib/thumb/v7-m\libcr_semihost.a(__sys_tmpnam.o)
                0x00003002                __sys_tmpnam
 .text.__sys_write
                0x0000300e        0xc c:/nxp/mcuxpressoide_10.2.0_759/ide/tools/bin/../lib/gcc/arm-none-eabi/7.2.1/../../../../arm-none-eabi/lib/thumb/v7-m\libcr_semihost.a(__sys_write.o)
                0x0000300e                __sys_write
 *(.rodata .rodata.* .constdata .constdata.*)
 *fill*         0x0000301a        0x2 ff
 .rodata        0x0000301c        0x5 ./freeRTOS/src/tasks.o
 *fill*         0x00003021        0x3 ff
 .rodata        0x00003024       0x2f ./Example/src/FRTOS.o
 *fill*         0x00003053        0x1 ff
 .rodata.OscRateIn
                0x00003054        0x4 ./Example/src/sysinit.o
                0x00003054                OscRateIn
 .rodata.RTCOscRateIn
                0x00003058        0x4 ./Example/src/sysinit.o
                0x00003058                RTCOscRateIn
 .rodata._initio.str1.1
                0x0000305c        0x4 c:/nxp/mcuxpressoide_10.2.0_759/ide/tools/bin/../lib/gcc/arm-none-eabi/7.2.1/../../../../arm-none-eabi/lib/thumb/v7-m\libcr_c.a(initio.o)
 .rodata.__num_Ciob_streams
                0x00003060        0x4 c:/nxp/mcuxpressoide_10.2.0_759/ide/tools/bin/../lib/gcc/arm-none-eabi/7.2.1/../../../../arm-none-eabi/lib/thumb/v7-m\libcr_semihost.a(__ciob.o)
                0x00003060                __num_Ciob_streams
                0x00003064                . = ALIGN (0x4)

.glue_7         0x00003064        0x0
 .glue_7        0x00003064        0x0 linker stubs

.glue_7t        0x00003064        0x0
 .glue_7t       0x00003064        0x0 linker stubs

.vfp11_veneer   0x00003064        0x0
 .vfp11_veneer  0x00003064        0x0 linker stubs

.v4_bx          0x00003064        0x0
 .v4_bx         0x00003064        0x0 linker stubs

.iplt           0x00003064        0x0
 .iplt          0x00003064        0x0 ./freeRTOS/src/FreeRTOSCommonHooks.o

.rel.dyn        0x00003064        0x0
 .rel.iplt      0x00003064        0x0 ./freeRTOS/src/FreeRTOSCommonHooks.o

.ARM.extab
 *(.ARM.extab* .gnu.linkonce.armextab.*)
                0x00003064                __exidx_start = .

.ARM.exidx
 *(.ARM.exidx* .gnu.linkonce.armexidx.*)
                0x00003064                __exidx_end = .
                0x00003064                _etext = .

.data_RAM2      0x2007c000        0x0 load address 0x00003064
 FILL mask 0xff
                [!provide]                PROVIDE (__start_data_RAM2, .)
 *(.ramfunc.$RAM2)
 *(.ramfunc.$RamAHB32)
 *(.data.$RAM2*)
 *(.data.$RamAHB32*)
                0x2007c000                . = ALIGN (0x4)
                [!provide]                PROVIDE (__end_data_RAM2, .)

.uninit_RESERVED
                0x10000000        0x0
 *(.bss.$RESERVED*)
                0x10000000                . = ALIGN (0x4)
                0x10000000                _end_uninit_RESERVED = .

.data           0x10000000        0x4 load address 0x00003064
 FILL mask 0xff
                0x10000000                _data = .
 *(vtable)
 *(.ramfunc*)
 *(.data*)
 .data.uxCriticalNesting
                0x10000000        0x4 ./freeRTOS/src/port.o
                0x10000004                . = ALIGN (0x4)
                0x10000004                _edata = .

.igot.plt       0x10000004        0x0 load address 0x00003068
 .igot.plt      0x10000004        0x0 ./freeRTOS/src/FreeRTOSCommonHooks.o

.bss_RAM2       0x2007c000        0x0
                [!provide]                PROVIDE (__start_bss_RAM2, .)
 *(.bss.$RAM2*)
 *(.bss.$RamAHB32*)
                0x2007c000                . = ALIGN ((. != 0x0)?0x4:0x1)
                [!provide]                PROVIDE (__end_bss_RAM2, .)

.bss            0x10000004      0x30c
                0x10000004                _bss = .
 *(.bss*)
 .bss.ulTimerCountsForOneTick
                0x10000004        0x4 ./freeRTOS/src/port.o
 .bss.xMaximumPossibleSuppressedTicks
                0x10000008        0x4 ./freeRTOS/src/port.o
 .bss.ulStoppedTimerCompensation
                0x1000000c        0x4 ./freeRTOS/src/port.o
 .bss.pxCurrentTCB
                0x10000010        0x4 ./freeRTOS/src/tasks.o
                0x10000010                pxCurrentTCB
 .bss.pxReadyTasksLists
                0x10000014       0x64 ./freeRTOS/src/tasks.o
 .bss.xDelayedTaskList1
                0x10000078       0x14 ./freeRTOS/src/tasks.o
 .bss.xDelayedTaskList2
                0x1000008c       0x14 ./freeRTOS/src/tasks.o
 .bss.pxDelayedTaskList
                0x100000a0        0x4 ./freeRTOS/src/tasks.o
 .bss.pxOverflowDelayedTaskList
                0x100000a4        0x4 ./freeRTOS/src/tasks.o
 .bss.xPendingReadyList
                0x100000a8       0x14 ./freeRTOS/src/tasks.o
 .bss.xTasksWaitingTermination
                0x100000bc       0x14 ./freeRTOS/src/tasks.o
 .bss.uxDeletedTasksWaitingCleanUp
                0x100000d0        0x4 ./freeRTOS/src/tasks.o
 .bss.xSuspendedTaskList
                0x100000d4       0x14 ./freeRTOS/src/tasks.o
 .bss.uxCurrentNumberOfTasks
                0x100000e8        0x4 ./freeRTOS/src/tasks.o
 .bss.xTickCount
                0x100000ec        0x4 ./freeRTOS/src/tasks.o
 .bss.uxTopReadyPriority
                0x100000f0        0x4 ./freeRTOS/src/tasks.o
 .bss.xSchedulerRunning
                0x100000f4        0x4 ./freeRTOS/src/tasks.o
 .bss.uxPendedTicks
                0x100000f8        0x4 ./freeRTOS/src/tasks.o
 .bss.xYieldPending
                0x100000fc        0x4 ./freeRTOS/src/tasks.o
 .bss.xNumOfOverflows
                0x10000100        0x4 ./freeRTOS/src/tasks.o
 .bss.uxTaskNumber
                0x10000104        0x4 ./freeRTOS/src/tasks.o
 .bss.xNextTaskUnblockTime
                0x10000108        0x4 ./freeRTOS/src/tasks.o
 .bss.xIdleTaskHandle
                0x1000010c        0x4 ./freeRTOS/src/tasks.o
 .bss.uxSchedulerSuspended
                0x10000110        0x4 ./freeRTOS/src/tasks.o
 .bss.Semaforo_1
                0x10000114        0x4 ./Example/src/FRTOS.o
                0x10000114                Semaforo_1
 .bss.Semaforo_2
                0x10000118        0x4 ./Example/src/FRTOS.o
                0x10000118                Semaforo_2
 .bss.Cola_1    0x1000011c        0x4 ./Example/src/FRTOS.o
                0x1000011c                Cola_1
 .bss.__end_of_heap
                0x10000120        0x4 c:/nxp/mcuxpressoide_10.2.0_759/ide/tools/bin/../lib/gcc/arm-none-eabi/7.2.1/../../../../arm-none-eabi/lib/thumb/v7-m\libcr_c.a(__init_alloc.o)
                0x10000120                __end_of_heap
 .bss.__heaps   0x10000124        0x4 c:/nxp/mcuxpressoide_10.2.0_759/ide/tools/bin/../lib/gcc/arm-none-eabi/7.2.1/../../../../arm-none-eabi/lib/thumb/v7-m\libcr_c.a(__init_alloc.o)
                0x10000124                __heaps
 .bss.errno     0x10000128        0x4 c:/nxp/mcuxpressoide_10.2.0_759/ide/tools/bin/../lib/gcc/arm-none-eabi/7.2.1/../../../../arm-none-eabi/lib/thumb/v7-m\libcr_c.a(errno.o)
                0x10000128                errno
 .bss.__Ciob    0x1000012c      0x1e0 c:/nxp/mcuxpressoide_10.2.0_759/ide/tools/bin/../lib/gcc/arm-none-eabi/7.2.1/../../../../arm-none-eabi/lib/thumb/v7-m\libcr_semihost.a(__ciob.o)
                0x1000012c                __Ciob
 *(COMMON)
 COMMON         0x1000030c        0x4 C:\Users\Juan\Documents\MCUXpressoIDE_10.2.0_759\workspace\lpc_chip_175x_6x\Debug\liblpc_chip_175x_6x.a(chip_17xx_40xx.o)
                0x1000030c                SystemCoreClock
                0x10000310                . = ALIGN (0x4)
                0x10000310                _ebss = .
                [!provide]                PROVIDE (end, .)

.noinit_RAM2    0x2007c000        0x0
 *(.noinit.$RAM2*)
 *(.noinit.$RamAHB32*)
                0x2007c000                . = ALIGN (0x4)

.noinit         0x10000310        0x0
                0x10000310                _noinit = .
 *(.noinit*)
                0x10000310                . = ALIGN (0x4)
                0x10000310                _end_noinit = .
                0x10000310                PROVIDE (_pvHeapStart, DEFINED (__user_heap_base)?__user_heap_base:.)
                0x10008000                PROVIDE (_vStackTop, DEFINED (__user_stack_top)?__user_stack_top:(__top_RamLoc32 - 0x0))
                0xefff74b2                PROVIDE (__valid_user_code_checksum, (0x0 - ((((((_vStackTop + (ResetISR + 0x1)) + (NMI_Handler + 0x1)) + (HardFault_Handler + 0x1)) + (DEFINED (MemManage_Handler)?MemManage_Handler:0x0 + 0x1)) + (DEFINED (BusFault_Handler)?BusFault_Handler:0x0 + 0x1)) + (DEFINED (UsageFault_Handler)?UsageFault_Handler:0x0 + 0x1))))
                0x00000000                _image_start = LOADADDR (.text)
                0x00003068                _image_end = (LOADADDR (.data) + SIZEOF (.data))
                0x00003068                _image_size = (_image_end - _image_start)
OUTPUT(FRTOS.axf elf32-littlearm)

.debug_info     0x00000000     0x5f5c
 .debug_info    0x00000000      0x257 ./freeRTOS/src/FreeRTOSCommonHooks.o
 .debug_info    0x00000257      0x12b ./freeRTOS/src/heap_3.o
 .debug_info    0x00000382      0x2cf ./freeRTOS/src/list.o
 .debug_info    0x00000651      0x3e1 ./freeRTOS/src/port.o
 .debug_info    0x00000a32      0xf51 ./freeRTOS/src/queue.o
 .debug_info    0x00001983     0x19aa ./freeRTOS/src/tasks.o
 .debug_info    0x0000332d      0xc9a ./Example/src/FRTOS.o
 .debug_info    0x00003fc7      0x24e ./Example/src/cr_startup_lpc175x_6x.o
 .debug_info    0x00004215      0x1c1 ./Example/src/sysinit.o
 .debug_info    0x000043d6      0x51e C:\Users\Juan\Documents\MCUXpressoIDE_10.2.0_759\workspace\lpc_chip_175x_6x\Debug\liblpc_chip_175x_6x.a(chip_17xx_40xx.o)
 .debug_info    0x000048f4      0xb62 C:\Users\Juan\Documents\MCUXpressoIDE_10.2.0_759\workspace\lpc_chip_175x_6x\Debug\liblpc_chip_175x_6x.a(clock_17xx_40xx.o)
 .debug_info    0x00005456      0x2d9 C:\Users\Juan\Documents\MCUXpressoIDE_10.2.0_759\workspace\lpc_chip_175x_6x\Debug\liblpc_chip_175x_6x.a(iocon_17xx_40xx.o)
 .debug_info    0x0000572f      0x439 C:\Users\Juan\Documents\MCUXpressoIDE_10.2.0_759\workspace\lpc_chip_175x_6x\Debug\liblpc_chip_175x_6x.a(sysinit_17xx_40xx.o)
 .debug_info    0x00005b68      0x3f4 C:\Users\Juan\Documents\MCUXpressoIDE_10.2.0_759\workspace\lpc_chip_175x_6x\Debug\liblpc_chip_175x_6x.a(timer_17xx_40xx.o)

.debug_abbrev   0x00000000     0x1732
 .debug_abbrev  0x00000000      0x17b ./freeRTOS/src/FreeRTOSCommonHooks.o
 .debug_abbrev  0x0000017b       0xe2 ./freeRTOS/src/heap_3.o
 .debug_abbrev  0x0000025d      0x112 ./freeRTOS/src/list.o
 .debug_abbrev  0x0000036f      0x233 ./freeRTOS/src/port.o
 .debug_abbrev  0x000005a2      0x242 ./freeRTOS/src/queue.o
 .debug_abbrev  0x000007e4      0x2fe ./freeRTOS/src/tasks.o
 .debug_abbrev  0x00000ae2      0x269 ./Example/src/FRTOS.o
 .debug_abbrev  0x00000d4b       0xf5 ./Example/src/cr_startup_lpc175x_6x.o
 .debug_abbrev  0x00000e40       0xcc ./Example/src/sysinit.o
 .debug_abbrev  0x00000f0c      0x13c C:\Users\Juan\Documents\MCUXpressoIDE_10.2.0_759\workspace\lpc_chip_175x_6x\Debug\liblpc_chip_175x_6x.a(chip_17xx_40xx.o)
 .debug_abbrev  0x00001048      0x2ec C:\Users\Juan\Documents\MCUXpressoIDE_10.2.0_759\workspace\lpc_chip_175x_6x\Debug\liblpc_chip_175x_6x.a(clock_17xx_40xx.o)
 .debug_abbrev  0x00001334      0x126 C:\Users\Juan\Documents\MCUXpressoIDE_10.2.0_759\workspace\lpc_chip_175x_6x\Debug\liblpc_chip_175x_6x.a(iocon_17xx_40xx.o)
 .debug_abbrev  0x0000145a      0x175 C:\Users\Juan\Documents\MCUXpressoIDE_10.2.0_759\workspace\lpc_chip_175x_6x\Debug\liblpc_chip_175x_6x.a(sysinit_17xx_40xx.o)
 .debug_abbrev  0x000015cf      0x163 C:\Users\Juan\Documents\MCUXpressoIDE_10.2.0_759\workspace\lpc_chip_175x_6x\Debug\liblpc_chip_175x_6x.a(timer_17xx_40xx.o)

.debug_aranges  0x00000000      0x7b8
 .debug_aranges
                0x00000000       0x40 ./freeRTOS/src/FreeRTOSCommonHooks.o
 .debug_aranges
                0x00000040       0x28 ./freeRTOS/src/heap_3.o
 .debug_aranges
                0x00000068       0x40 ./freeRTOS/src/list.o
 .debug_aranges
                0x000000a8       0x78 ./freeRTOS/src/port.o
 .debug_aranges
                0x00000120      0x110 ./freeRTOS/src/queue.o
 .debug_aranges
                0x00000230      0x1e8 ./freeRTOS/src/tasks.o
 .debug_aranges
                0x00000418       0xd8 ./Example/src/FRTOS.o
 .debug_aranges
                0x000004f0       0x80 ./Example/src/cr_startup_lpc175x_6x.o
 .debug_aranges
                0x00000570       0x20 ./Example/src/sysinit.o
 .debug_aranges
                0x00000590       0x38 C:\Users\Juan\Documents\MCUXpressoIDE_10.2.0_759\workspace\lpc_chip_175x_6x\Debug\liblpc_chip_175x_6x.a(chip_17xx_40xx.o)
 .debug_aranges
                0x000005c8      0x120 C:\Users\Juan\Documents\MCUXpressoIDE_10.2.0_759\workspace\lpc_chip_175x_6x\Debug\liblpc_chip_175x_6x.a(clock_17xx_40xx.o)
 .debug_aranges
                0x000006e8       0x30 C:\Users\Juan\Documents\MCUXpressoIDE_10.2.0_759\workspace\lpc_chip_175x_6x\Debug\liblpc_chip_175x_6x.a(iocon_17xx_40xx.o)
 .debug_aranges
                0x00000718       0x60 C:\Users\Juan\Documents\MCUXpressoIDE_10.2.0_759\workspace\lpc_chip_175x_6x\Debug\liblpc_chip_175x_6x.a(sysinit_17xx_40xx.o)
 .debug_aranges
                0x00000778       0x40 C:\Users\Juan\Documents\MCUXpressoIDE_10.2.0_759\workspace\lpc_chip_175x_6x\Debug\liblpc_chip_175x_6x.a(timer_17xx_40xx.o)

.debug_ranges   0x00000000      0x6d8
 .debug_ranges  0x00000000       0x30 ./freeRTOS/src/FreeRTOSCommonHooks.o
 .debug_ranges  0x00000030       0x18 ./freeRTOS/src/heap_3.o
 .debug_ranges  0x00000048       0x30 ./freeRTOS/src/list.o
 .debug_ranges  0x00000078       0x68 ./freeRTOS/src/port.o
 .debug_ranges  0x000000e0      0x100 ./freeRTOS/src/queue.o
 .debug_ranges  0x000001e0      0x1d8 ./freeRTOS/src/tasks.o
 .debug_ranges  0x000003b8       0xc8 ./Example/src/FRTOS.o
 .debug_ranges  0x00000480       0x70 ./Example/src/cr_startup_lpc175x_6x.o
 .debug_ranges  0x000004f0       0x10 ./Example/src/sysinit.o
 .debug_ranges  0x00000500       0x28 C:\Users\Juan\Documents\MCUXpressoIDE_10.2.0_759\workspace\lpc_chip_175x_6x\Debug\liblpc_chip_175x_6x.a(chip_17xx_40xx.o)
 .debug_ranges  0x00000528      0x110 C:\Users\Juan\Documents\MCUXpressoIDE_10.2.0_759\workspace\lpc_chip_175x_6x\Debug\liblpc_chip_175x_6x.a(clock_17xx_40xx.o)
 .debug_ranges  0x00000638       0x20 C:\Users\Juan\Documents\MCUXpressoIDE_10.2.0_759\workspace\lpc_chip_175x_6x\Debug\liblpc_chip_175x_6x.a(iocon_17xx_40xx.o)
 .debug_ranges  0x00000658       0x50 C:\Users\Juan\Documents\MCUXpressoIDE_10.2.0_759\workspace\lpc_chip_175x_6x\Debug\liblpc_chip_175x_6x.a(sysinit_17xx_40xx.o)
 .debug_ranges  0x000006a8       0x30 C:\Users\Juan\Documents\MCUXpressoIDE_10.2.0_759\workspace\lpc_chip_175x_6x\Debug\liblpc_chip_175x_6x.a(timer_17xx_40xx.o)

.debug_macro    0x00000000     0x7244
 .debug_macro   0x00000000      0x24f ./freeRTOS/src/FreeRTOSCommonHooks.o
 .debug_macro   0x0000024f      0xa78 ./freeRTOS/src/FreeRTOSCommonHooks.o
 .debug_macro   0x00000cc7       0x10 ./freeRTOS/src/FreeRTOSCommonHooks.o
 .debug_macro   0x00000cd7      0x12d ./freeRTOS/src/FreeRTOSCommonHooks.o
 .debug_macro   0x00000e04       0x16 ./freeRTOS/src/FreeRTOSCommonHooks.o
 .debug_macro   0x00000e1a      0x5b2 ./freeRTOS/src/FreeRTOSCommonHooks.o
 .debug_macro   0x000013cc       0xe8 ./freeRTOS/src/FreeRTOSCommonHooks.o
 .debug_macro   0x000014b4      0x168 ./freeRTOS/src/FreeRTOSCommonHooks.o
 .debug_macro   0x0000161c       0xe4 ./freeRTOS/src/FreeRTOSCommonHooks.o
 .debug_macro   0x00001700       0x10 ./freeRTOS/src/FreeRTOSCommonHooks.o
 .debug_macro   0x00001710       0x1f ./freeRTOS/src/FreeRTOSCommonHooks.o
 .debug_macro   0x0000172f      0x3f3 ./freeRTOS/src/FreeRTOSCommonHooks.o
 .debug_macro   0x00001b22       0xc0 ./freeRTOS/src/FreeRTOSCommonHooks.o
 .debug_macro   0x00001be2       0x8c ./freeRTOS/src/FreeRTOSCommonHooks.o
 .debug_macro   0x00001c6e       0x22 ./freeRTOS/src/FreeRTOSCommonHooks.o
 .debug_macro   0x00001c90       0x74 ./freeRTOS/src/FreeRTOSCommonHooks.o
 .debug_macro   0x00001d04       0x10 ./freeRTOS/src/FreeRTOSCommonHooks.o
 .debug_macro   0x00001d14       0x2d ./freeRTOS/src/FreeRTOSCommonHooks.o
 .debug_macro   0x00001d41       0x3a ./freeRTOS/src/FreeRTOSCommonHooks.o
 .debug_macro   0x00001d7b       0x2d ./freeRTOS/src/FreeRTOSCommonHooks.o
 .debug_macro   0x00001da8      0xbb1 ./freeRTOS/src/FreeRTOSCommonHooks.o
 .debug_macro   0x00002959      0x22c ./freeRTOS/src/FreeRTOSCommonHooks.o
 .debug_macro   0x00002b85       0x42 ./freeRTOS/src/FreeRTOSCommonHooks.o
 .debug_macro   0x00002bc7       0x52 ./freeRTOS/src/FreeRTOSCommonHooks.o
 .debug_macro   0x00002c19       0x78 ./freeRTOS/src/FreeRTOSCommonHooks.o
 .debug_macro   0x00002c91       0x82 ./freeRTOS/src/FreeRTOSCommonHooks.o
 .debug_macro   0x00002d13      0x48c ./freeRTOS/src/FreeRTOSCommonHooks.o
 .debug_macro   0x0000319f       0x34 ./freeRTOS/src/FreeRTOSCommonHooks.o
 .debug_macro   0x000031d3      0x4c5 ./freeRTOS/src/FreeRTOSCommonHooks.o
 .debug_macro   0x00003698      0x1b7 ./freeRTOS/src/FreeRTOSCommonHooks.o
 .debug_macro   0x0000384f       0x10 ./freeRTOS/src/FreeRTOSCommonHooks.o
 .debug_macro   0x0000385f      0x21b ./freeRTOS/src/FreeRTOSCommonHooks.o
 .debug_macro   0x00003a7a      0x1b9 ./freeRTOS/src/FreeRTOSCommonHooks.o
 .debug_macro   0x00003c33       0x40 ./freeRTOS/src/FreeRTOSCommonHooks.o
 .debug_macro   0x00003c73       0x22 ./freeRTOS/src/FreeRTOSCommonHooks.o
 .debug_macro   0x00003c95      0x162 ./freeRTOS/src/FreeRTOSCommonHooks.o
 .debug_macro   0x00003df7       0x94 ./freeRTOS/src/FreeRTOSCommonHooks.o
 .debug_macro   0x00003e8b       0xb8 ./freeRTOS/src/FreeRTOSCommonHooks.o
 .debug_macro   0x00003f43       0x4c ./freeRTOS/src/FreeRTOSCommonHooks.o
 .debug_macro   0x00003f8f       0x16 ./freeRTOS/src/FreeRTOSCommonHooks.o
 .debug_macro   0x00003fa5      0x328 ./freeRTOS/src/FreeRTOSCommonHooks.o
 .debug_macro   0x000042cd       0x49 ./freeRTOS/src/FreeRTOSCommonHooks.o
 .debug_macro   0x00004316       0x16 ./freeRTOS/src/FreeRTOSCommonHooks.o
 .debug_macro   0x0000432c       0xca ./freeRTOS/src/FreeRTOSCommonHooks.o
 .debug_macro   0x000043f6       0x11 ./freeRTOS/src/FreeRTOSCommonHooks.o
 .debug_macro   0x00004407       0xd4 ./freeRTOS/src/heap_3.o
 .debug_macro   0x000044db       0xb9 ./freeRTOS/src/list.o
 .debug_macro   0x00004594      0x159 ./freeRTOS/src/port.o
 .debug_macro   0x000046ed      0x122 ./freeRTOS/src/queue.o
 .debug_macro   0x0000480f       0x94 ./freeRTOS/src/queue.o
 .debug_macro   0x000048a3      0x185 ./freeRTOS/src/tasks.o
 .debug_macro   0x00004a28       0x11 ./freeRTOS/src/tasks.o
 .debug_macro   0x00004a39      0x28e ./Example/src/FRTOS.o
 .debug_macro   0x00004cc7       0x7b ./Example/src/FRTOS.o
 .debug_macro   0x00004d42       0x18 ./Example/src/FRTOS.o
 .debug_macro   0x00004d5a       0x10 ./Example/src/FRTOS.o
 .debug_macro   0x00004d6a       0xe8 ./Example/src/FRTOS.o
 .debug_macro   0x00004e52       0x78 ./Example/src/FRTOS.o
 .debug_macro   0x00004eca       0x82 ./Example/src/FRTOS.o
 .debug_macro   0x00004f4c       0x1d ./Example/src/cr_startup_lpc175x_6x.o
 .debug_macro   0x00004f69      0x898 ./Example/src/cr_startup_lpc175x_6x.o
 .debug_macro   0x00005801      0x1cd ./Example/src/sysinit.o
 .debug_macro   0x000059ce       0x10 ./Example/src/sysinit.o
 .debug_macro   0x000059de      0x12d ./Example/src/sysinit.o
 .debug_macro   0x00005b0b      0x5b2 ./Example/src/sysinit.o
 .debug_macro   0x000060bd      0x1cd C:\Users\Juan\Documents\MCUXpressoIDE_10.2.0_759\workspace\lpc_chip_175x_6x\Debug\liblpc_chip_175x_6x.a(chip_17xx_40xx.o)
 .debug_macro   0x0000628a      0x886 C:\Users\Juan\Documents\MCUXpressoIDE_10.2.0_759\workspace\lpc_chip_175x_6x\Debug\liblpc_chip_175x_6x.a(chip_17xx_40xx.o)
 .debug_macro   0x00006b10      0x1cd C:\Users\Juan\Documents\MCUXpressoIDE_10.2.0_759\workspace\lpc_chip_175x_6x\Debug\liblpc_chip_175x_6x.a(clock_17xx_40xx.o)
 .debug_macro   0x00006cdd      0x1cd C:\Users\Juan\Documents\MCUXpressoIDE_10.2.0_759\workspace\lpc_chip_175x_6x\Debug\liblpc_chip_175x_6x.a(iocon_17xx_40xx.o)
 .debug_macro   0x00006eaa      0x1cd C:\Users\Juan\Documents\MCUXpressoIDE_10.2.0_759\workspace\lpc_chip_175x_6x\Debug\liblpc_chip_175x_6x.a(sysinit_17xx_40xx.o)
 .debug_macro   0x00007077      0x1cd C:\Users\Juan\Documents\MCUXpressoIDE_10.2.0_759\workspace\lpc_chip_175x_6x\Debug\liblpc_chip_175x_6x.a(timer_17xx_40xx.o)

.debug_line     0x00000000     0x457b
 .debug_line    0x00000000      0x5d4 ./freeRTOS/src/FreeRTOSCommonHooks.o
 .debug_line    0x000005d4      0x25f ./freeRTOS/src/heap_3.o
 .debug_line    0x00000833      0x2ad ./freeRTOS/src/list.o
 .debug_line    0x00000ae0      0x386 ./freeRTOS/src/port.o
 .debug_line    0x00000e66      0x6a5 ./freeRTOS/src/queue.o
 .debug_line    0x0000150b      0xbf0 ./freeRTOS/src/tasks.o
 .debug_line    0x000020fb      0x7e8 ./Example/src/FRTOS.o
 .debug_line    0x000028e3       0xdd ./Example/src/cr_startup_lpc175x_6x.o
 .debug_line    0x000029c0      0x3e6 ./Example/src/sysinit.o
 .debug_line    0x00002da6      0x42e C:\Users\Juan\Documents\MCUXpressoIDE_10.2.0_759\workspace\lpc_chip_175x_6x\Debug\liblpc_chip_175x_6x.a(chip_17xx_40xx.o)
 .debug_line    0x000031d4      0x6aa C:\Users\Juan\Documents\MCUXpressoIDE_10.2.0_759\workspace\lpc_chip_175x_6x\Debug\liblpc_chip_175x_6x.a(clock_17xx_40xx.o)
 .debug_line    0x0000387e      0x41a C:\Users\Juan\Documents\MCUXpressoIDE_10.2.0_759\workspace\lpc_chip_175x_6x\Debug\liblpc_chip_175x_6x.a(iocon_17xx_40xx.o)
 .debug_line    0x00003c98      0x4a4 C:\Users\Juan\Documents\MCUXpressoIDE_10.2.0_759\workspace\lpc_chip_175x_6x\Debug\liblpc_chip_175x_6x.a(sysinit_17xx_40xx.o)
 .debug_line    0x0000413c      0x43f C:\Users\Juan\Documents\MCUXpressoIDE_10.2.0_759\workspace\lpc_chip_175x_6x\Debug\liblpc_chip_175x_6x.a(timer_17xx_40xx.o)

.debug_str      0x00000000    0x1a748
 .debug_str     0x00000000    0x1421d ./freeRTOS/src/FreeRTOSCommonHooks.o
                              0x1431c (size before relaxing)
 .debug_str     0x0001421d      0x103 ./freeRTOS/src/heap_3.o
                               0x7a16 (size before relaxing)
 .debug_str     0x00014320      0x139 ./freeRTOS/src/list.o
                               0x7526 (size before relaxing)
 .debug_str     0x00014459      0x75a ./freeRTOS/src/port.o
                               0x80f9 (size before relaxing)
 .debug_str     0x00014bb3      0xf75 ./freeRTOS/src/queue.o
                               0x8aa2 (size before relaxing)
 .debug_str     0x00015b28     0x1b51 ./freeRTOS/src/tasks.o
                               0x9800 (size before relaxing)
 .debug_str     0x00017679     0x15eb ./Example/src/FRTOS.o
                              0x1605d (size before relaxing)
 .debug_str     0x00018c64      0x2eb ./Example/src/cr_startup_lpc175x_6x.o
                               0x2696 (size before relaxing)
 .debug_str     0x00018f4f      0xacd ./Example/src/sysinit.o
                              0x10720 (size before relaxing)
 .debug_str     0x00019a1c      0x23c C:\Users\Juan\Documents\MCUXpressoIDE_10.2.0_759\workspace\lpc_chip_175x_6x\Debug\liblpc_chip_175x_6x.a(chip_17xx_40xx.o)
                              0x10b2f (size before relaxing)
 .debug_str     0x00019c58      0x857 C:\Users\Juan\Documents\MCUXpressoIDE_10.2.0_759\workspace\lpc_chip_175x_6x\Debug\liblpc_chip_175x_6x.a(clock_17xx_40xx.o)
                              0x1119d (size before relaxing)
 .debug_str     0x0001a4af       0xa4 C:\Users\Juan\Documents\MCUXpressoIDE_10.2.0_759\workspace\lpc_chip_175x_6x\Debug\liblpc_chip_175x_6x.a(iocon_17xx_40xx.o)
                              0x1061a (size before relaxing)
 .debug_str     0x0001a553       0xc4 C:\Users\Juan\Documents\MCUXpressoIDE_10.2.0_759\workspace\lpc_chip_175x_6x\Debug\liblpc_chip_175x_6x.a(sysinit_17xx_40xx.o)
                              0x10802 (size before relaxing)
 .debug_str     0x0001a617      0x131 C:\Users\Juan\Documents\MCUXpressoIDE_10.2.0_759\workspace\lpc_chip_175x_6x\Debug\liblpc_chip_175x_6x.a(timer_17xx_40xx.o)
                              0x1094b (size before relaxing)

.comment        0x00000000       0xec
 .comment       0x00000000       0x7e ./freeRTOS/src/FreeRTOSCommonHooks.o
                                 0x7f (size before relaxing)
 .comment       0x0000007e       0x7f ./freeRTOS/src/heap_3.o
 .comment       0x0000007e       0x7f ./freeRTOS/src/list.o
 .comment       0x0000007e       0x7f ./freeRTOS/src/port.o
 .comment       0x0000007e       0x7f ./freeRTOS/src/queue.o
 .comment       0x0000007e       0x7f ./freeRTOS/src/tasks.o
 .comment       0x0000007e       0x7f ./Example/src/FRTOS.o
 .comment       0x0000007e       0x6e ./Example/src/cr_startup_lpc175x_6x.o
                                 0x6f (size before relaxing)
 .comment       0x000000ec       0x6f ./Example/src/sysinit.o
 .comment       0x000000ec       0x6f C:\Users\Juan\Documents\MCUXpressoIDE_10.2.0_759\workspace\lpc_chip_175x_6x\Debug\liblpc_chip_175x_6x.a(chip_17xx_40xx.o)
 .comment       0x000000ec       0x6f C:\Users\Juan\Documents\MCUXpressoIDE_10.2.0_759\workspace\lpc_chip_175x_6x\Debug\liblpc_chip_175x_6x.a(clock_17xx_40xx.o)
 .comment       0x000000ec       0x6f C:\Users\Juan\Documents\MCUXpressoIDE_10.2.0_759\workspace\lpc_chip_175x_6x\Debug\liblpc_chip_175x_6x.a(iocon_17xx_40xx.o)
 .comment       0x000000ec       0x6f C:\Users\Juan\Documents\MCUXpressoIDE_10.2.0_759\workspace\lpc_chip_175x_6x\Debug\liblpc_chip_175x_6x.a(sysinit_17xx_40xx.o)
 .comment       0x000000ec       0x6f C:\Users\Juan\Documents\MCUXpressoIDE_10.2.0_759\workspace\lpc_chip_175x_6x\Debug\liblpc_chip_175x_6x.a(timer_17xx_40xx.o)
 .comment       0x000000ec       0x7f c:/nxp/mcuxpressoide_10.2.0_759/ide/tools/bin/../lib/gcc/arm-none-eabi/7.2.1/../../../../arm-none-eabi/lib/thumb/v7-m\libcr_semihost.a(_cr__main.o)
 .comment       0x000000ec       0x7f c:/nxp/mcuxpressoide_10.2.0_759/ide/tools/bin/../lib/gcc/arm-none-eabi/7.2.1/../../../../arm-none-eabi/lib/thumb/v7-m\libcr_c.a(memcpy.o)
 .comment       0x000000ec       0x7f c:/nxp/mcuxpressoide_10.2.0_759/ide/tools/bin/../lib/gcc/arm-none-eabi/7.2.1/../../../../arm-none-eabi/lib/thumb/v7-m\libcr_c.a(memset.o)
 .comment       0x000000ec       0x7f c:/nxp/mcuxpressoide_10.2.0_759/ide/tools/bin/../lib/gcc/arm-none-eabi/7.2.1/../../../../arm-none-eabi/lib/thumb/v7-m\libcr_c.a(alloc.o)
 .comment       0x000000ec       0x7f c:/nxp/mcuxpressoide_10.2.0_759/ide/tools/bin/../lib/gcc/arm-none-eabi/7.2.1/../../../../arm-none-eabi/lib/thumb/v7-m\libcr_c.a(initio.o)
 .comment       0x000000ec       0x7f c:/nxp/mcuxpressoide_10.2.0_759/ide/tools/bin/../lib/gcc/arm-none-eabi/7.2.1/../../../../arm-none-eabi/lib/thumb/v7-m\libcr_c.a(setvbuf.o)
 .comment       0x000000ec       0x7f c:/nxp/mcuxpressoide_10.2.0_759/ide/tools/bin/../lib/gcc/arm-none-eabi/7.2.1/../../../../arm-none-eabi/lib/thumb/v7-m\libcr_c.a(__init_alloc.o)
 .comment       0x000000ec       0x7f c:/nxp/mcuxpressoide_10.2.0_759/ide/tools/bin/../lib/gcc/arm-none-eabi/7.2.1/../../../../arm-none-eabi/lib/thumb/v7-m\libcr_c.a(_cr_sbrk.o)
 .comment       0x000000ec       0x7f c:/nxp/mcuxpressoide_10.2.0_759/ide/tools/bin/../lib/gcc/arm-none-eabi/7.2.1/../../../../arm-none-eabi/lib/thumb/v7-m\libcr_c.a(_fdopen.o)
 .comment       0x000000ec       0x7f c:/nxp/mcuxpressoide_10.2.0_759/ide/tools/bin/../lib/gcc/arm-none-eabi/7.2.1/../../../../arm-none-eabi/lib/thumb/v7-m\libcr_c.a(errno.o)
 .comment       0x000000ec       0x7f c:/nxp/mcuxpressoide_10.2.0_759/ide/tools/bin/../lib/gcc/arm-none-eabi/7.2.1/../../../../arm-none-eabi/lib/thumb/v7-m\libcr_c.a(fclose.o)
 .comment       0x000000ec       0x7f c:/nxp/mcuxpressoide_10.2.0_759/ide/tools/bin/../lib/gcc/arm-none-eabi/7.2.1/../../../../arm-none-eabi/lib/thumb/v7-m\libcr_c.a(fflush.o)
 .comment       0x000000ec       0x7f c:/nxp/mcuxpressoide_10.2.0_759/ide/tools/bin/../lib/gcc/arm-none-eabi/7.2.1/../../../../arm-none-eabi/lib/thumb/v7-m\libcr_c.a(fseek.o)
 .comment       0x000000ec       0x7f c:/nxp/mcuxpressoide_10.2.0_759/ide/tools/bin/../lib/gcc/arm-none-eabi/7.2.1/../../../../arm-none-eabi/lib/thumb/v7-m\libcr_c.a(ftell.o)
 .comment       0x000000ec       0x7f c:/nxp/mcuxpressoide_10.2.0_759/ide/tools/bin/../lib/gcc/arm-none-eabi/7.2.1/../../../../arm-none-eabi/lib/thumb/v7-m\libcr_c.a(remove.o)
 .comment       0x000000ec       0x7f c:/nxp/mcuxpressoide_10.2.0_759/ide/tools/bin/../lib/gcc/arm-none-eabi/7.2.1/../../../../arm-none-eabi/lib/thumb/v7-m\libcr_c.a(strlen.o)
 .comment       0x000000ec       0x7f c:/nxp/mcuxpressoide_10.2.0_759/ide/tools/bin/../lib/gcc/arm-none-eabi/7.2.1/../../../../arm-none-eabi/lib/thumb/v7-m\libcr_c.a(_cr_check_heap.o)
 .comment       0x000000ec       0x7f c:/nxp/mcuxpressoide_10.2.0_759/ide/tools/bin/../lib/gcc/arm-none-eabi/7.2.1/../../../../arm-none-eabi/lib/thumb/v7-m\libcr_c.a(_do_fflush.o)
 .comment       0x000000ec       0x7f c:/nxp/mcuxpressoide_10.2.0_759/ide/tools/bin/../lib/gcc/arm-none-eabi/7.2.1/../../../../arm-none-eabi/lib/thumb/v7-m\libcr_c.a(_fflush.o)
 .comment       0x000000ec       0x7f c:/nxp/mcuxpressoide_10.2.0_759/ide/tools/bin/../lib/gcc/arm-none-eabi/7.2.1/../../../../arm-none-eabi/lib/thumb/v7-m\libcr_c.a(_writebuf.o)
 .comment       0x000000ec       0x7f c:/nxp/mcuxpressoide_10.2.0_759/ide/tools/bin/../lib/gcc/arm-none-eabi/7.2.1/../../../../arm-none-eabi/lib/thumb/v7-m\libcr_c.a(_deferredlazyseek.o)
 .comment       0x000000ec       0x7f c:/nxp/mcuxpressoide_10.2.0_759/ide/tools/bin/../lib/gcc/arm-none-eabi/7.2.1/../../../../arm-none-eabi/lib/thumb/v7-m\libcr_semihost.a(__ciob.o)

.ARM.attributes
                0x00000000       0x31
 .ARM.attributes
                0x00000000       0x33 ./freeRTOS/src/FreeRTOSCommonHooks.o
 .ARM.attributes
                0x00000033       0x33 ./freeRTOS/src/heap_3.o
 .ARM.attributes
                0x00000066       0x33 ./freeRTOS/src/list.o
 .ARM.attributes
                0x00000099       0x33 ./freeRTOS/src/port.o
 .ARM.attributes
                0x000000cc       0x33 ./freeRTOS/src/queue.o
 .ARM.attributes
                0x000000ff       0x33 ./freeRTOS/src/tasks.o
 .ARM.attributes
                0x00000132       0x33 ./Example/src/FRTOS.o
 .ARM.attributes
                0x00000165       0x33 ./Example/src/cr_startup_lpc175x_6x.o
 .ARM.attributes
                0x00000198       0x33 ./Example/src/sysinit.o
 .ARM.attributes
                0x000001cb       0x33 C:\Users\Juan\Documents\MCUXpressoIDE_10.2.0_759\workspace\lpc_chip_175x_6x\Debug\liblpc_chip_175x_6x.a(chip_17xx_40xx.o)
 .ARM.attributes
                0x000001fe       0x33 C:\Users\Juan\Documents\MCUXpressoIDE_10.2.0_759\workspace\lpc_chip_175x_6x\Debug\liblpc_chip_175x_6x.a(clock_17xx_40xx.o)
 .ARM.attributes
                0x00000231       0x33 C:\Users\Juan\Documents\MCUXpressoIDE_10.2.0_759\workspace\lpc_chip_175x_6x\Debug\liblpc_chip_175x_6x.a(iocon_17xx_40xx.o)
 .ARM.attributes
                0x00000264       0x33 C:\Users\Juan\Documents\MCUXpressoIDE_10.2.0_759\workspace\lpc_chip_175x_6x\Debug\liblpc_chip_175x_6x.a(sysinit_17xx_40xx.o)
 .ARM.attributes
                0x00000297       0x33 C:\Users\Juan\Documents\MCUXpressoIDE_10.2.0_759\workspace\lpc_chip_175x_6x\Debug\liblpc_chip_175x_6x.a(timer_17xx_40xx.o)
 .ARM.attributes
                0x000002ca       0x33 c:/nxp/mcuxpressoide_10.2.0_759/ide/tools/bin/../lib/gcc/arm-none-eabi/7.2.1/../../../../arm-none-eabi/lib/thumb/v7-m\libcr_semihost.a(_cr__main.o)
 .ARM.attributes
                0x000002fd       0x33 c:/nxp/mcuxpressoide_10.2.0_759/ide/tools/bin/../lib/gcc/arm-none-eabi/7.2.1/../../../../arm-none-eabi/lib/thumb/v7-m\libcr_c.a(memcpy.o)
 .ARM.attributes
                0x00000330       0x33 c:/nxp/mcuxpressoide_10.2.0_759/ide/tools/bin/../lib/gcc/arm-none-eabi/7.2.1/../../../../arm-none-eabi/lib/thumb/v7-m\libcr_c.a(memset.o)
 .ARM.attributes
                0x00000363       0x33 c:/nxp/mcuxpressoide_10.2.0_759/ide/tools/bin/../lib/gcc/arm-none-eabi/7.2.1/../../../../arm-none-eabi/lib/thumb/v7-m\libcr_c.a(alloc.o)
 .ARM.attributes
                0x00000396       0x33 c:/nxp/mcuxpressoide_10.2.0_759/ide/tools/bin/../lib/gcc/arm-none-eabi/7.2.1/../../../../arm-none-eabi/lib/thumb/v7-m\libcr_c.a(initio.o)
 .ARM.attributes
                0x000003c9       0x33 c:/nxp/mcuxpressoide_10.2.0_759/ide/tools/bin/../lib/gcc/arm-none-eabi/7.2.1/../../../../arm-none-eabi/lib/thumb/v7-m\libcr_c.a(setvbuf.o)
 .ARM.attributes
                0x000003fc       0x33 c:/nxp/mcuxpressoide_10.2.0_759/ide/tools/bin/../lib/gcc/arm-none-eabi/7.2.1/../../../../arm-none-eabi/lib/thumb/v7-m\libcr_c.a(__init_alloc.o)
 .ARM.attributes
                0x0000042f       0x33 c:/nxp/mcuxpressoide_10.2.0_759/ide/tools/bin/../lib/gcc/arm-none-eabi/7.2.1/../../../../arm-none-eabi/lib/thumb/v7-m\libcr_c.a(_cr_sbrk.o)
 .ARM.attributes
                0x00000462       0x33 c:/nxp/mcuxpressoide_10.2.0_759/ide/tools/bin/../lib/gcc/arm-none-eabi/7.2.1/../../../../arm-none-eabi/lib/thumb/v7-m\libcr_c.a(_fdopen.o)
 .ARM.attributes
                0x00000495       0x33 c:/nxp/mcuxpressoide_10.2.0_759/ide/tools/bin/../lib/gcc/arm-none-eabi/7.2.1/../../../../arm-none-eabi/lib/thumb/v7-m\libcr_c.a(errno.o)
 .ARM.attributes
                0x000004c8       0x33 c:/nxp/mcuxpressoide_10.2.0_759/ide/tools/bin/../lib/gcc/arm-none-eabi/7.2.1/../../../../arm-none-eabi/lib/thumb/v7-m\libcr_c.a(fclose.o)
 .ARM.attributes
                0x000004fb       0x33 c:/nxp/mcuxpressoide_10.2.0_759/ide/tools/bin/../lib/gcc/arm-none-eabi/7.2.1/../../../../arm-none-eabi/lib/thumb/v7-m\libcr_c.a(fflush.o)
 .ARM.attributes
                0x0000052e       0x33 c:/nxp/mcuxpressoide_10.2.0_759/ide/tools/bin/../lib/gcc/arm-none-eabi/7.2.1/../../../../arm-none-eabi/lib/thumb/v7-m\libcr_c.a(fseek.o)
 .ARM.attributes
                0x00000561       0x33 c:/nxp/mcuxpressoide_10.2.0_759/ide/tools/bin/../lib/gcc/arm-none-eabi/7.2.1/../../../../arm-none-eabi/lib/thumb/v7-m\libcr_c.a(ftell.o)
 .ARM.attributes
                0x00000594       0x33 c:/nxp/mcuxpressoide_10.2.0_759/ide/tools/bin/../lib/gcc/arm-none-eabi/7.2.1/../../../../arm-none-eabi/lib/thumb/v7-m\libcr_c.a(remove.o)
 .ARM.attributes
                0x000005c7       0x33 c:/nxp/mcuxpressoide_10.2.0_759/ide/tools/bin/../lib/gcc/arm-none-eabi/7.2.1/../../../../arm-none-eabi/lib/thumb/v7-m\libcr_c.a(strlen.o)
 .ARM.attributes
                0x000005fa       0x33 c:/nxp/mcuxpressoide_10.2.0_759/ide/tools/bin/../lib/gcc/arm-none-eabi/7.2.1/../../../../arm-none-eabi/lib/thumb/v7-m\libcr_c.a(_cr_check_heap.o)
 .ARM.attributes
                0x0000062d       0x33 c:/nxp/mcuxpressoide_10.2.0_759/ide/tools/bin/../lib/gcc/arm-none-eabi/7.2.1/../../../../arm-none-eabi/lib/thumb/v7-m\libcr_c.a(_do_fflush.o)
 .ARM.attributes
                0x00000660       0x33 c:/nxp/mcuxpressoide_10.2.0_759/ide/tools/bin/../lib/gcc/arm-none-eabi/7.2.1/../../../../arm-none-eabi/lib/thumb/v7-m\libcr_c.a(_fflush.o)
 .ARM.attributes
                0x00000693       0x33 c:/nxp/mcuxpressoide_10.2.0_759/ide/tools/bin/../lib/gcc/arm-none-eabi/7.2.1/../../../../arm-none-eabi/lib/thumb/v7-m\libcr_c.a(_writebuf.o)
 .ARM.attributes
                0x000006c6       0x33 c:/nxp/mcuxpressoide_10.2.0_759/ide/tools/bin/../lib/gcc/arm-none-eabi/7.2.1/../../../../arm-none-eabi/lib/thumb/v7-m\libcr_c.a(_deferredlazyseek.o)
 .ARM.attributes
                0x000006f9       0x21 c:/nxp/mcuxpressoide_10.2.0_759/ide/tools/bin/../lib/gcc/arm-none-eabi/7.2.1/thumb/v7-m\libcr_eabihelpers.a(memcpy.o)
 .ARM.attributes
                0x0000071a       0x33 c:/nxp/mcuxpressoide_10.2.0_759/ide/tools/bin/../lib/gcc/arm-none-eabi/7.2.1/../../../../arm-none-eabi/lib/thumb/v7-m\libcr_semihost.a(__ciob.o)
 .ARM.attributes
                0x0000074d       0x21 c:/nxp/mcuxpressoide_10.2.0_759/ide/tools/bin/../lib/gcc/arm-none-eabi/7.2.1/../../../../arm-none-eabi/lib/thumb/v7-m\libcr_semihost.a(__sys_close.o)
 .ARM.attributes
                0x0000076e       0x21 c:/nxp/mcuxpressoide_10.2.0_759/ide/tools/bin/../lib/gcc/arm-none-eabi/7.2.1/../../../../arm-none-eabi/lib/thumb/v7-m\libcr_semihost.a(__sys_flen.o)
 .ARM.attributes
                0x0000078f       0x21 c:/nxp/mcuxpressoide_10.2.0_759/ide/tools/bin/../lib/gcc/arm-none-eabi/7.2.1/../../../../arm-none-eabi/lib/thumb/v7-m\libcr_semihost.a(__sys_istty.o)
 .ARM.attributes
                0x000007b0       0x21 c:/nxp/mcuxpressoide_10.2.0_759/ide/tools/bin/../lib/gcc/arm-none-eabi/7.2.1/../../../../arm-none-eabi/lib/thumb/v7-m\libcr_semihost.a(__sys_remove.o)
 .ARM.attributes
                0x000007d1       0x21 c:/nxp/mcuxpressoide_10.2.0_759/ide/tools/bin/../lib/gcc/arm-none-eabi/7.2.1/../../../../arm-none-eabi/lib/thumb/v7-m\libcr_semihost.a(__sys_seek.o)
 .ARM.attributes
                0x000007f2       0x21 c:/nxp/mcuxpressoide_10.2.0_759/ide/tools/bin/../lib/gcc/arm-none-eabi/7.2.1/../../../../arm-none-eabi/lib/thumb/v7-m\libcr_semihost.a(__sys_tmpnam.o)
 .ARM.attributes
                0x00000813       0x21 c:/nxp/mcuxpressoide_10.2.0_759/ide/tools/bin/../lib/gcc/arm-none-eabi/7.2.1/../../../../arm-none-eabi/lib/thumb/v7-m\libcr_semihost.a(__sys_write.o)

.debug_frame    0x00000000     0x1d30
 .debug_frame   0x00000000       0xb4 ./freeRTOS/src/FreeRTOSCommonHooks.o
 .debug_frame   0x000000b4       0x58 ./freeRTOS/src/heap_3.o
 .debug_frame   0x0000010c       0xd8 ./freeRTOS/src/list.o
 .debug_frame   0x000001e4      0x178 ./freeRTOS/src/port.o
 .debug_frame   0x0000035c      0x498 ./freeRTOS/src/queue.o
 .debug_frame   0x000007f4      0x864 ./freeRTOS/src/tasks.o
 .debug_frame   0x00001058      0x3a0 ./Example/src/FRTOS.o
 .debug_frame   0x000013f8      0x170 ./Example/src/cr_startup_lpc175x_6x.o
 .debug_frame   0x00001568       0x34 ./Example/src/sysinit.o
 .debug_frame   0x0000159c       0x88 C:\Users\Juan\Documents\MCUXpressoIDE_10.2.0_759\workspace\lpc_chip_175x_6x\Debug\liblpc_chip_175x_6x.a(chip_17xx_40xx.o)
 .debug_frame   0x00001624      0x490 C:\Users\Juan\Documents\MCUXpressoIDE_10.2.0_759\workspace\lpc_chip_175x_6x\Debug\liblpc_chip_175x_6x.a(clock_17xx_40xx.o)
 .debug_frame   0x00001ab4       0x80 C:\Users\Juan\Documents\MCUXpressoIDE_10.2.0_759\workspace\lpc_chip_175x_6x\Debug\liblpc_chip_175x_6x.a(iocon_17xx_40xx.o)
 .debug_frame   0x00001b34      0x12c C:\Users\Juan\Documents\MCUXpressoIDE_10.2.0_759\workspace\lpc_chip_175x_6x\Debug\liblpc_chip_175x_6x.a(sysinit_17xx_40xx.o)
 .debug_frame   0x00001c60       0xd0 C:\Users\Juan\Documents\MCUXpressoIDE_10.2.0_759\workspace\lpc_chip_175x_6x\Debug\liblpc_chip_175x_6x.a(timer_17xx_40xx.o)
